Code Section mapping
Address     Vaddress    Size        File                           ID  Attr
00000000    --------    00000000    C:\usr\PIECE\lib\pceapi.lib:stacklen.o  1   ABS
00100000    --------    0000009c    C:\usr\PIECE\lib\cstart.o      0   REL
0010009c    00001000    00000000    FramObject_Top.o               0   REL
0010009c    00001000    000008e0    Ldirect.o                      0   REL
0010097c    000018e0    000004d4    FontFuchi.o                    0   REL
00100e50    --------    00000000    grp.o                          0   REL
00100e50    --------    00000198    main.o                         0   REL
00100fe8    --------    00000030    zurapce\zurapce.lib:Configure.o  0   REL
00101018    --------    00000114    zurapce\zurapce.lib:FontProxy.o  0   REL
0010112c    --------    000000f8    zurapce\zurapce.lib:FontExtend.o  0   REL
00101224    --------    00000028    zurapce\zurapce.lib:PrecisionTimer.o  0   REL
0010124c    --------    0000015c    zurapce\zurapce.lib:PieceBmp.o  0   REL
001013a8    --------    00000204    zurapce\zurapce.lib:FilePack.o  0   REL
001015ac    --------    00000154    zurapce\zurapce.lib:File.o     0   REL
00101700    --------    00000018    zurapce\zurapce.lib:FramObject.o  0   REL
00101718    --------    00000044    C:\usr\PIECE\lib\pceapi.lib:memcpy.o  0   REL
0010175c    --------    00000008    C:\usr\PIECE\lib\pceapi.lib:pceFileClose.o  0   REL
00101764    --------    00000008    C:\usr\PIECE\lib\pceapi.lib:pceFileOpen.o  0   REL
0010176c    --------    00000008    C:\usr\PIECE\lib\pceapi.lib:pceHeapFree.o  0   REL
00101774    --------    00000008    C:\usr\PIECE\lib\pceapi.lib:pceHeapAlloc.o  0   REL
0010177c    --------    00000008    C:\usr\PIECE\lib\pceapi.lib:pceFileReadSct.o  0   REL
00101784    --------    00000008    C:\usr\PIECE\lib\pceapi.lib:pceCRC32.o  0   REL
0010178c    --------    00000008    C:\usr\PIECE\lib\pceapi.lib:pceLCDDrawObject.o  0   REL
00101794    --------    00000008    C:\usr\PIECE\lib\pceapi.lib:pceLCDSetObject.o  0   REL
0010179c    --------    00000008    C:\usr\PIECE\lib\pceapi.lib:pceTimerAdjustPrecisionCount.o  0   REL
001017a4    --------    00000008    C:\usr\PIECE\lib\pceapi.lib:pceTimerGetPrecisionCount.o  0   REL
001017ac    --------    00000008    C:\usr\PIECE\lib\pceapi.lib:pceVectorSetKs.o  0   REL
001017b4    --------    00000008    C:\usr\PIECE\lib\pceapi.lib:pceFontGetAdrs.o  0   REL
001017bc    --------    00000008    C:\usr\PIECE\lib\pceapi.lib:pceFontSetBkColor.o  0   REL
001017c4    --------    00000008    C:\usr\PIECE\lib\pceapi.lib:pceFontSetTxColor.o  0   REL
001017cc    --------    00000008    C:\usr\PIECE\lib\pceapi.lib:pceFontSetType.o  0   REL
001017d4    --------    00000008    C:\usr\PIECE\lib\pceapi.lib:pceWaveSetMasterAtt.o  0   REL
001017dc    --------    00000008    C:\usr\PIECE\lib\pceapi.lib:pceLCDSetBright.o  0   REL
001017e4    --------    00000008    C:\usr\PIECE\lib\pceapi.lib:pceHeapGetMaxFreeSize.o  0   REL
001017ec    --------    00000008    C:\usr\PIECE\lib\pceapi.lib:pceLCDPaint.o  0   REL
001017f4    --------    00000008    C:\usr\PIECE\lib\pceapi.lib:pceAppReqExit.o  0   REL
001017fc    --------    00000008    C:\usr\PIECE\lib\pceapi.lib:pcePadGet.o  0   REL
00101804    --------    00000008    C:\usr\PIECE\lib\pceapi.lib:pceAppSetProcPeriod.o  0   REL
0010180c    --------    00000008    C:\usr\PIECE\lib\pceapi.lib:pcevsprintf.o  0   REL
00101814    --------    00000000    C:\usr\PIECE\lib\pceapi.lib:def_vbuff.o  0   REL
00101814    --------    00000008    C:\usr\PIECE\lib\pceapi.lib:pceLCDSetBuffer.o  0   REL
0010181c    --------    00000008    C:\usr\PIECE\lib\pceapi.lib:pceLCDTransDirect.o  0   REL
00101824    --------    00000008    C:\usr\PIECE\lib\pceapi.lib:pceLCDDispStart.o  0   REL
0010182c    --------    00000008    C:\usr\PIECE\lib\pceapi.lib:pceLCDDispStop.o  0   REL
00101834    --------    00000050    C:\usr\PIECE\lib\pceapi.lib:memset.o  0   REL
00101884    --------    0000001c    C:\usr\PIECE\lib\pceapi.lib:defnotify.o  0   REL
001018a0    --------    000000ec    C:\usr\PIECE\lib\pceapi.lib:version_check.o  0   REL
0010198c    --------    00000008    C:\usr\PIECE\lib\pceapi.lib:pceLCDTrans.o  0   REL
00101994    --------    00000008    C:\usr\PIECE\lib\pceapi.lib:pceFontPrintf.o  0   REL
0010199c    --------    00000008    C:\usr\PIECE\lib\pceapi.lib:pceFontSetPos.o  0   REL
001019a4    --------    00000008    C:\usr\PIECE\lib\pceapi.lib:pceSystemGetInfo.o  0   REL
001019ac    --------    0000001c    C:\usr\PIECE\lib\string.lib:strncmp.o  0   REL
001019c8    --------    00000014    C:\usr\PIECE\lib\ctype.lib:tolower.o  0   REL
001019dc    --------    00000044    C:\usr\PIECE\lib\idiv.lib:modsi3.o  0   REL
00101a20    --------    00000044    C:\usr\PIECE\lib\idiv.lib:divsi3.o  0   REL

Data Section mapping
Address     Vaddress    Size        File                           ID  Attr
00101a64    --------    00000000    C:\usr\PIECE\lib\cstart.o      1   REL
00101a64    --------    00000000    FramObject_Top.o               1   REL
00101a64    --------    00000048    Ldirect.o                      1   REL
00101aac    --------    00000024    FontFuchi.o                    1   REL
00101ad0    --------    00001634    grp.o                          1   REL
00103104    --------    00000004    main.o                         1   REL
00103108    --------    00000000    zurapce\zurapce.lib:Configure.o  1   REL
00103108    --------    00000018    zurapce\zurapce.lib:FontProxy.o  1   REL
00103120    --------    00000004    zurapce\zurapce.lib:FontExtend.o  1   REL
00103124    --------    00000000    zurapce\zurapce.lib:PrecisionTimer.o  1   REL
00103124    --------    00000000    zurapce\zurapce.lib:PieceBmp.o  1   REL
00103124    --------    00000000    zurapce\zurapce.lib:FilePack.o  1   REL
00103124    --------    00000000    zurapce\zurapce.lib:File.o     1   REL
00103124    --------    00000000    zurapce\zurapce.lib:FramObject.o  1   REL
00103124    --------    00000000    C:\usr\PIECE\lib\pceapi.lib:memcpy.o  1   REL
00103124    --------    00000000    C:\usr\PIECE\lib\pceapi.lib:pceFileClose.o  1   REL
00103124    --------    00000000    C:\usr\PIECE\lib\pceapi.lib:pceFileOpen.o  1   REL
00103124    --------    00000000    C:\usr\PIECE\lib\pceapi.lib:pceHeapFree.o  1   REL
00103124    --------    00000000    C:\usr\PIECE\lib\pceapi.lib:pceHeapAlloc.o  1   REL
00103124    --------    00000000    C:\usr\PIECE\lib\pceapi.lib:pceFileReadSct.o  1   REL
00103124    --------    00000000    C:\usr\PIECE\lib\pceapi.lib:pceCRC32.o  1   REL
00103124    --------    00000000    C:\usr\PIECE\lib\pceapi.lib:pceLCDDrawObject.o  1   REL
00103124    --------    00000000    C:\usr\PIECE\lib\pceapi.lib:pceLCDSetObject.o  1   REL
00103124    --------    00000000    C:\usr\PIECE\lib\pceapi.lib:pceTimerAdjustPrecisionCount.o  1   REL
00103124    --------    00000000    C:\usr\PIECE\lib\pceapi.lib:pceTimerGetPrecisionCount.o  1   REL
00103124    --------    00000000    C:\usr\PIECE\lib\pceapi.lib:pceVectorSetKs.o  1   REL
00103124    --------    00000000    C:\usr\PIECE\lib\pceapi.lib:pceFontGetAdrs.o  1   REL
00103124    --------    00000000    C:\usr\PIECE\lib\pceapi.lib:pceFontSetBkColor.o  1   REL
00103124    --------    00000000    C:\usr\PIECE\lib\pceapi.lib:pceFontSetTxColor.o  1   REL
00103124    --------    00000000    C:\usr\PIECE\lib\pceapi.lib:pceFontSetType.o  1   REL
00103124    --------    00000000    C:\usr\PIECE\lib\pceapi.lib:pceWaveSetMasterAtt.o  1   REL
00103124    --------    00000000    C:\usr\PIECE\lib\pceapi.lib:pceLCDSetBright.o  1   REL
00103124    --------    00000000    C:\usr\PIECE\lib\pceapi.lib:pceHeapGetMaxFreeSize.o  1   REL
00103124    --------    00000000    C:\usr\PIECE\lib\pceapi.lib:pceLCDPaint.o  1   REL
00103124    --------    00000000    C:\usr\PIECE\lib\pceapi.lib:pceAppReqExit.o  1   REL
00103124    --------    00000000    C:\usr\PIECE\lib\pceapi.lib:pcePadGet.o  1   REL
00103124    --------    00000000    C:\usr\PIECE\lib\pceapi.lib:pceAppSetProcPeriod.o  1   REL
00103124    --------    00000000    C:\usr\PIECE\lib\pceapi.lib:pcevsprintf.o  1   REL
00103124    --------    00000000    C:\usr\PIECE\lib\pceapi.lib:def_vbuff.o  1   REL
00103124    --------    00000000    C:\usr\PIECE\lib\pceapi.lib:pceLCDSetBuffer.o  1   REL
00103124    --------    00000000    C:\usr\PIECE\lib\pceapi.lib:pceLCDTransDirect.o  1   REL
00103124    --------    00000000    C:\usr\PIECE\lib\pceapi.lib:pceLCDDispStart.o  1   REL
00103124    --------    00000000    C:\usr\PIECE\lib\pceapi.lib:pceLCDDispStop.o  1   REL
00103124    --------    00000000    C:\usr\PIECE\lib\pceapi.lib:memset.o  1   REL
00103124    --------    00000000    C:\usr\PIECE\lib\pceapi.lib:defnotify.o  1   REL
00103124    --------    00000000    C:\usr\PIECE\lib\pceapi.lib:version_check.o  1   REL
00103124    --------    00000000    C:\usr\PIECE\lib\pceapi.lib:pceLCDTrans.o  1   REL
00103124    --------    00000000    C:\usr\PIECE\lib\pceapi.lib:pceFontPrintf.o  1   REL
00103124    --------    00000000    C:\usr\PIECE\lib\pceapi.lib:pceFontSetPos.o  1   REL
00103124    --------    00000000    C:\usr\PIECE\lib\pceapi.lib:pceSystemGetInfo.o  1   REL
00103124    --------    00000000    C:\usr\PIECE\lib\string.lib:strncmp.o  1   REL
00103124    --------    00000000    C:\usr\PIECE\lib\ctype.lib:tolower.o  1   REL
00103124    --------    00000000    C:\usr\PIECE\lib\idiv.lib:modsi3.o  1   REL
00103124    --------    00000000    C:\usr\PIECE\lib\idiv.lib:divsi3.o  1   REL

Bss Section mapping
Address     Vaddress    Size        File                           ID  Attr
00001db4    --------    00000000    FramObject_Top.o               2   REL
00001db4    --------    00000004    Ldirect.o                      2   REL
00001db8    --------    00000000    FontFuchi.o                    2   REL
00103124    --------    00000000    C:\usr\PIECE\lib\cstart.o      2   REL
00103124    --------    00000000    grp.o                          2   REL
00103124    --------    00000028    main.o                         2   REL
0010314c    --------    00000008    zurapce\zurapce.lib:Configure.o  2   REL
00103154    --------    00000000    zurapce\zurapce.lib:FontProxy.o  2   REL
00103154    --------    00000000    zurapce\zurapce.lib:FontExtend.o  2   REL
00103154    --------    00000000    zurapce\zurapce.lib:PrecisionTimer.o  2   REL
00103154    --------    00000000    zurapce\zurapce.lib:PieceBmp.o  2   REL
00103154    --------    00000000    zurapce\zurapce.lib:FilePack.o  2   REL
00103154    --------    00000000    zurapce\zurapce.lib:File.o     2   REL
00103154    --------    00000000    zurapce\zurapce.lib:FramObject.o  2   REL
00103154    --------    00000000    C:\usr\PIECE\lib\pceapi.lib:memcpy.o  2   REL
00103154    --------    00000000    C:\usr\PIECE\lib\pceapi.lib:pceFileClose.o  2   REL
00103154    --------    00000000    C:\usr\PIECE\lib\pceapi.lib:pceFileOpen.o  2   REL
00103154    --------    00000000    C:\usr\PIECE\lib\pceapi.lib:pceHeapFree.o  2   REL
00103154    --------    00000000    C:\usr\PIECE\lib\pceapi.lib:pceHeapAlloc.o  2   REL
00103154    --------    00000000    C:\usr\PIECE\lib\pceapi.lib:pceFileReadSct.o  2   REL
00103154    --------    00000000    C:\usr\PIECE\lib\pceapi.lib:pceCRC32.o  2   REL
00103154    --------    00000000    C:\usr\PIECE\lib\pceapi.lib:pceLCDDrawObject.o  2   REL
00103154    --------    00000000    C:\usr\PIECE\lib\pceapi.lib:pceLCDSetObject.o  2   REL
00103154    --------    00000000    C:\usr\PIECE\lib\pceapi.lib:pceTimerAdjustPrecisionCount.o  2   REL
00103154    --------    00000000    C:\usr\PIECE\lib\pceapi.lib:pceTimerGetPrecisionCount.o  2   REL
00103154    --------    00000000    C:\usr\PIECE\lib\pceapi.lib:pceVectorSetKs.o  2   REL
00103154    --------    00000000    C:\usr\PIECE\lib\pceapi.lib:pceFontGetAdrs.o  2   REL
00103154    --------    00000000    C:\usr\PIECE\lib\pceapi.lib:pceFontSetBkColor.o  2   REL
00103154    --------    00000000    C:\usr\PIECE\lib\pceapi.lib:pceFontSetTxColor.o  2   REL
00103154    --------    00000000    C:\usr\PIECE\lib\pceapi.lib:pceFontSetType.o  2   REL
00103154    --------    00000000    C:\usr\PIECE\lib\pceapi.lib:pceWaveSetMasterAtt.o  2   REL
00103154    --------    00000000    C:\usr\PIECE\lib\pceapi.lib:pceLCDSetBright.o  2   REL
00103154    --------    00000000    C:\usr\PIECE\lib\pceapi.lib:pceHeapGetMaxFreeSize.o  2   REL
00103154    --------    00000000    C:\usr\PIECE\lib\pceapi.lib:pceLCDPaint.o  2   REL
00103154    --------    00000000    C:\usr\PIECE\lib\pceapi.lib:pceAppReqExit.o  2   REL
00103154    --------    00000000    C:\usr\PIECE\lib\pceapi.lib:pcePadGet.o  2   REL
00103154    --------    00000000    C:\usr\PIECE\lib\pceapi.lib:pceAppSetProcPeriod.o  2   REL
00103154    --------    00000000    C:\usr\PIECE\lib\pceapi.lib:pcevsprintf.o  2   REL
00103154    --------    00002c00    C:\usr\PIECE\lib\pceapi.lib:def_vbuff.o  2   REL
00105d54    --------    00000000    C:\usr\PIECE\lib\pceapi.lib:pceLCDSetBuffer.o  2   REL
00105d54    --------    00000000    C:\usr\PIECE\lib\pceapi.lib:pceLCDTransDirect.o  2   REL
00105d54    --------    00000000    C:\usr\PIECE\lib\pceapi.lib:pceLCDDispStart.o  2   REL
00105d54    --------    00000000    C:\usr\PIECE\lib\pceapi.lib:pceLCDDispStop.o  2   REL
00105d54    --------    00000000    C:\usr\PIECE\lib\pceapi.lib:memset.o  2   REL
00105d54    --------    00000000    C:\usr\PIECE\lib\pceapi.lib:defnotify.o  2   REL
00105d54    --------    00000000    C:\usr\PIECE\lib\pceapi.lib:version_check.o  2   REL
00105d54    --------    00000000    C:\usr\PIECE\lib\pceapi.lib:pceLCDTrans.o  2   REL
00105d54    --------    00000000    C:\usr\PIECE\lib\pceapi.lib:pceFontPrintf.o  2   REL
00105d54    --------    00000000    C:\usr\PIECE\lib\pceapi.lib:pceFontSetPos.o  2   REL
00105d54    --------    00000000    C:\usr\PIECE\lib\pceapi.lib:pceSystemGetInfo.o  2   REL
00105d54    --------    00000000    C:\usr\PIECE\lib\string.lib:strncmp.o  2   REL
00105d54    --------    00000000    C:\usr\PIECE\lib\ctype.lib:tolower.o  2   REL
00105d54    --------    00000000    C:\usr\PIECE\lib\idiv.lib:modsi3.o  2   REL
00105d54    --------    00000000    C:\usr\PIECE\lib\idiv.lib:divsi3.o  2   REL
