Code Section mapping
Address     Vaddress    Size        File                           ID  Attr
00000000    --------    00000000    C:\usr\PIECE\lib\pceapi.lib:stacklen.o  1   ABS
00100000    --------    0000009c    C:\usr\PIECE\lib\cstart.o      0   REL
0010009c    00001000    00000000    FramObject_Top.o               0   REL
0010009c    00001000    00000694    Ldirect.o                      0   REL
00100730    00001694    000004d4    FontFuchi.o                    0   REL
00100c04    --------    00000000    grp.o                          0   REL
00100c04    --------    00000198    main.o                         0   REL
00100d9c    --------    00000030    zurapce\zurapce.lib:Configure.o  0   REL
00100dcc    --------    00000114    zurapce\zurapce.lib:FontProxy.o  0   REL
00100ee0    --------    000000f8    zurapce\zurapce.lib:FontExtend.o  0   REL
00100fd8    --------    00000028    zurapce\zurapce.lib:PrecisionTimer.o  0   REL
00101000    --------    0000015c    zurapce\zurapce.lib:PieceBmp.o  0   REL
0010115c    --------    00000204    zurapce\zurapce.lib:FilePack.o  0   REL
00101360    --------    00000154    zurapce\zurapce.lib:File.o     0   REL
001014b4    --------    00000018    zurapce\zurapce.lib:FramObject.o  0   REL
001014cc    --------    00000044    C:\usr\PIECE\lib\pceapi.lib:memcpy.o  0   REL
00101510    --------    00000008    C:\usr\PIECE\lib\pceapi.lib:pceFileClose.o  0   REL
00101518    --------    00000008    C:\usr\PIECE\lib\pceapi.lib:pceFileOpen.o  0   REL
00101520    --------    00000008    C:\usr\PIECE\lib\pceapi.lib:pceHeapFree.o  0   REL
00101528    --------    00000008    C:\usr\PIECE\lib\pceapi.lib:pceHeapAlloc.o  0   REL
00101530    --------    00000008    C:\usr\PIECE\lib\pceapi.lib:pceFileReadSct.o  0   REL
00101538    --------    00000008    C:\usr\PIECE\lib\pceapi.lib:pceCRC32.o  0   REL
00101540    --------    00000008    C:\usr\PIECE\lib\pceapi.lib:pceLCDDrawObject.o  0   REL
00101548    --------    00000008    C:\usr\PIECE\lib\pceapi.lib:pceLCDSetObject.o  0   REL
00101550    --------    00000008    C:\usr\PIECE\lib\pceapi.lib:pceTimerAdjustPrecisionCount.o  0   REL
00101558    --------    00000008    C:\usr\PIECE\lib\pceapi.lib:pceTimerGetPrecisionCount.o  0   REL
00101560    --------    00000008    C:\usr\PIECE\lib\pceapi.lib:pceVectorSetKs.o  0   REL
00101568    --------    00000008    C:\usr\PIECE\lib\pceapi.lib:pceFontGetAdrs.o  0   REL
00101570    --------    00000008    C:\usr\PIECE\lib\pceapi.lib:pceFontSetBkColor.o  0   REL
00101578    --------    00000008    C:\usr\PIECE\lib\pceapi.lib:pceFontSetTxColor.o  0   REL
00101580    --------    00000008    C:\usr\PIECE\lib\pceapi.lib:pceFontSetType.o  0   REL
00101588    --------    00000008    C:\usr\PIECE\lib\pceapi.lib:pceWaveSetMasterAtt.o  0   REL
00101590    --------    00000008    C:\usr\PIECE\lib\pceapi.lib:pceLCDSetBright.o  0   REL
00101598    --------    00000008    C:\usr\PIECE\lib\pceapi.lib:pceHeapGetMaxFreeSize.o  0   REL
001015a0    --------    00000008    C:\usr\PIECE\lib\pceapi.lib:pceLCDPaint.o  0   REL
001015a8    --------    00000008    C:\usr\PIECE\lib\pceapi.lib:pceAppReqExit.o  0   REL
001015b0    --------    00000008    C:\usr\PIECE\lib\pceapi.lib:pcePadGet.o  0   REL
001015b8    --------    00000008    C:\usr\PIECE\lib\pceapi.lib:pceAppSetProcPeriod.o  0   REL
001015c0    --------    00000008    C:\usr\PIECE\lib\pceapi.lib:pcevsprintf.o  0   REL
001015c8    --------    00000000    C:\usr\PIECE\lib\pceapi.lib:def_vbuff.o  0   REL
001015c8    --------    00000008    C:\usr\PIECE\lib\pceapi.lib:pceLCDSetBuffer.o  0   REL
001015d0    --------    00000008    C:\usr\PIECE\lib\pceapi.lib:pceLCDTransDirect.o  0   REL
001015d8    --------    00000008    C:\usr\PIECE\lib\pceapi.lib:pceLCDDispStart.o  0   REL
001015e0    --------    00000008    C:\usr\PIECE\lib\pceapi.lib:pceLCDDispStop.o  0   REL
001015e8    --------    00000050    C:\usr\PIECE\lib\pceapi.lib:memset.o  0   REL
00101638    --------    0000001c    C:\usr\PIECE\lib\pceapi.lib:defnotify.o  0   REL
00101654    --------    000000ec    C:\usr\PIECE\lib\pceapi.lib:version_check.o  0   REL
00101740    --------    00000008    C:\usr\PIECE\lib\pceapi.lib:pceLCDTrans.o  0   REL
00101748    --------    00000008    C:\usr\PIECE\lib\pceapi.lib:pceFontPrintf.o  0   REL
00101750    --------    00000008    C:\usr\PIECE\lib\pceapi.lib:pceFontSetPos.o  0   REL
00101758    --------    00000008    C:\usr\PIECE\lib\pceapi.lib:pceSystemGetInfo.o  0   REL
00101760    --------    0000001c    C:\usr\PIECE\lib\string.lib:strncmp.o  0   REL
0010177c    --------    00000014    C:\usr\PIECE\lib\ctype.lib:tolower.o  0   REL
00101790    --------    00000044    C:\usr\PIECE\lib\idiv.lib:modsi3.o  0   REL
001017d4    --------    00000044    C:\usr\PIECE\lib\idiv.lib:divsi3.o  0   REL

Data Section mapping
Address     Vaddress    Size        File                           ID  Attr
00101818    --------    00000000    C:\usr\PIECE\lib\cstart.o      1   REL
00101818    --------    00000000    FramObject_Top.o               1   REL
00101818    --------    00000030    Ldirect.o                      1   REL
00101848    --------    00000024    FontFuchi.o                    1   REL
0010186c    --------    00001634    grp.o                          1   REL
00102ea0    --------    00000004    main.o                         1   REL
00102ea4    --------    00000000    zurapce\zurapce.lib:Configure.o  1   REL
00102ea4    --------    00000018    zurapce\zurapce.lib:FontProxy.o  1   REL
00102ebc    --------    00000004    zurapce\zurapce.lib:FontExtend.o  1   REL
00102ec0    --------    00000000    zurapce\zurapce.lib:PrecisionTimer.o  1   REL
00102ec0    --------    00000000    zurapce\zurapce.lib:PieceBmp.o  1   REL
00102ec0    --------    00000000    zurapce\zurapce.lib:FilePack.o  1   REL
00102ec0    --------    00000000    zurapce\zurapce.lib:File.o     1   REL
00102ec0    --------    00000000    zurapce\zurapce.lib:FramObject.o  1   REL
00102ec0    --------    00000000    C:\usr\PIECE\lib\pceapi.lib:memcpy.o  1   REL
00102ec0    --------    00000000    C:\usr\PIECE\lib\pceapi.lib:pceFileClose.o  1   REL
00102ec0    --------    00000000    C:\usr\PIECE\lib\pceapi.lib:pceFileOpen.o  1   REL
00102ec0    --------    00000000    C:\usr\PIECE\lib\pceapi.lib:pceHeapFree.o  1   REL
00102ec0    --------    00000000    C:\usr\PIECE\lib\pceapi.lib:pceHeapAlloc.o  1   REL
00102ec0    --------    00000000    C:\usr\PIECE\lib\pceapi.lib:pceFileReadSct.o  1   REL
00102ec0    --------    00000000    C:\usr\PIECE\lib\pceapi.lib:pceCRC32.o  1   REL
00102ec0    --------    00000000    C:\usr\PIECE\lib\pceapi.lib:pceLCDDrawObject.o  1   REL
00102ec0    --------    00000000    C:\usr\PIECE\lib\pceapi.lib:pceLCDSetObject.o  1   REL
00102ec0    --------    00000000    C:\usr\PIECE\lib\pceapi.lib:pceTimerAdjustPrecisionCount.o  1   REL
00102ec0    --------    00000000    C:\usr\PIECE\lib\pceapi.lib:pceTimerGetPrecisionCount.o  1   REL
00102ec0    --------    00000000    C:\usr\PIECE\lib\pceapi.lib:pceVectorSetKs.o  1   REL
00102ec0    --------    00000000    C:\usr\PIECE\lib\pceapi.lib:pceFontGetAdrs.o  1   REL
00102ec0    --------    00000000    C:\usr\PIECE\lib\pceapi.lib:pceFontSetBkColor.o  1   REL
00102ec0    --------    00000000    C:\usr\PIECE\lib\pceapi.lib:pceFontSetTxColor.o  1   REL
00102ec0    --------    00000000    C:\usr\PIECE\lib\pceapi.lib:pceFontSetType.o  1   REL
00102ec0    --------    00000000    C:\usr\PIECE\lib\pceapi.lib:pceWaveSetMasterAtt.o  1   REL
00102ec0    --------    00000000    C:\usr\PIECE\lib\pceapi.lib:pceLCDSetBright.o  1   REL
00102ec0    --------    00000000    C:\usr\PIECE\lib\pceapi.lib:pceHeapGetMaxFreeSize.o  1   REL
00102ec0    --------    00000000    C:\usr\PIECE\lib\pceapi.lib:pceLCDPaint.o  1   REL
00102ec0    --------    00000000    C:\usr\PIECE\lib\pceapi.lib:pceAppReqExit.o  1   REL
00102ec0    --------    00000000    C:\usr\PIECE\lib\pceapi.lib:pcePadGet.o  1   REL
00102ec0    --------    00000000    C:\usr\PIECE\lib\pceapi.lib:pceAppSetProcPeriod.o  1   REL
00102ec0    --------    00000000    C:\usr\PIECE\lib\pceapi.lib:pcevsprintf.o  1   REL
00102ec0    --------    00000000    C:\usr\PIECE\lib\pceapi.lib:def_vbuff.o  1   REL
00102ec0    --------    00000000    C:\usr\PIECE\lib\pceapi.lib:pceLCDSetBuffer.o  1   REL
00102ec0    --------    00000000    C:\usr\PIECE\lib\pceapi.lib:pceLCDTransDirect.o  1   REL
00102ec0    --------    00000000    C:\usr\PIECE\lib\pceapi.lib:pceLCDDispStart.o  1   REL
00102ec0    --------    00000000    C:\usr\PIECE\lib\pceapi.lib:pceLCDDispStop.o  1   REL
00102ec0    --------    00000000    C:\usr\PIECE\lib\pceapi.lib:memset.o  1   REL
00102ec0    --------    00000000    C:\usr\PIECE\lib\pceapi.lib:defnotify.o  1   REL
00102ec0    --------    00000000    C:\usr\PIECE\lib\pceapi.lib:version_check.o  1   REL
00102ec0    --------    00000000    C:\usr\PIECE\lib\pceapi.lib:pceLCDTrans.o  1   REL
00102ec0    --------    00000000    C:\usr\PIECE\lib\pceapi.lib:pceFontPrintf.o  1   REL
00102ec0    --------    00000000    C:\usr\PIECE\lib\pceapi.lib:pceFontSetPos.o  1   REL
00102ec0    --------    00000000    C:\usr\PIECE\lib\pceapi.lib:pceSystemGetInfo.o  1   REL
00102ec0    --------    00000000    C:\usr\PIECE\lib\string.lib:strncmp.o  1   REL
00102ec0    --------    00000000    C:\usr\PIECE\lib\ctype.lib:tolower.o  1   REL
00102ec0    --------    00000000    C:\usr\PIECE\lib\idiv.lib:modsi3.o  1   REL
00102ec0    --------    00000000    C:\usr\PIECE\lib\idiv.lib:divsi3.o  1   REL

Bss Section mapping
Address     Vaddress    Size        File                           ID  Attr
00001b68    --------    00000000    FramObject_Top.o               2   REL
00001b68    --------    00000004    Ldirect.o                      2   REL
00001b6c    --------    00000000    FontFuchi.o                    2   REL
00102ec0    --------    00000000    C:\usr\PIECE\lib\cstart.o      2   REL
00102ec0    --------    00000000    grp.o                          2   REL
00102ec0    --------    00000028    main.o                         2   REL
00102ee8    --------    00000008    zurapce\zurapce.lib:Configure.o  2   REL
00102ef0    --------    00000000    zurapce\zurapce.lib:FontProxy.o  2   REL
00102ef0    --------    00000000    zurapce\zurapce.lib:FontExtend.o  2   REL
00102ef0    --------    00000000    zurapce\zurapce.lib:PrecisionTimer.o  2   REL
00102ef0    --------    00000000    zurapce\zurapce.lib:PieceBmp.o  2   REL
00102ef0    --------    00000000    zurapce\zurapce.lib:FilePack.o  2   REL
00102ef0    --------    00000000    zurapce\zurapce.lib:File.o     2   REL
00102ef0    --------    00000000    zurapce\zurapce.lib:FramObject.o  2   REL
00102ef0    --------    00000000    C:\usr\PIECE\lib\pceapi.lib:memcpy.o  2   REL
00102ef0    --------    00000000    C:\usr\PIECE\lib\pceapi.lib:pceFileClose.o  2   REL
00102ef0    --------    00000000    C:\usr\PIECE\lib\pceapi.lib:pceFileOpen.o  2   REL
00102ef0    --------    00000000    C:\usr\PIECE\lib\pceapi.lib:pceHeapFree.o  2   REL
00102ef0    --------    00000000    C:\usr\PIECE\lib\pceapi.lib:pceHeapAlloc.o  2   REL
00102ef0    --------    00000000    C:\usr\PIECE\lib\pceapi.lib:pceFileReadSct.o  2   REL
00102ef0    --------    00000000    C:\usr\PIECE\lib\pceapi.lib:pceCRC32.o  2   REL
00102ef0    --------    00000000    C:\usr\PIECE\lib\pceapi.lib:pceLCDDrawObject.o  2   REL
00102ef0    --------    00000000    C:\usr\PIECE\lib\pceapi.lib:pceLCDSetObject.o  2   REL
00102ef0    --------    00000000    C:\usr\PIECE\lib\pceapi.lib:pceTimerAdjustPrecisionCount.o  2   REL
00102ef0    --------    00000000    C:\usr\PIECE\lib\pceapi.lib:pceTimerGetPrecisionCount.o  2   REL
00102ef0    --------    00000000    C:\usr\PIECE\lib\pceapi.lib:pceVectorSetKs.o  2   REL
00102ef0    --------    00000000    C:\usr\PIECE\lib\pceapi.lib:pceFontGetAdrs.o  2   REL
00102ef0    --------    00000000    C:\usr\PIECE\lib\pceapi.lib:pceFontSetBkColor.o  2   REL
00102ef0    --------    00000000    C:\usr\PIECE\lib\pceapi.lib:pceFontSetTxColor.o  2   REL
00102ef0    --------    00000000    C:\usr\PIECE\lib\pceapi.lib:pceFontSetType.o  2   REL
00102ef0    --------    00000000    C:\usr\PIECE\lib\pceapi.lib:pceWaveSetMasterAtt.o  2   REL
00102ef0    --------    00000000    C:\usr\PIECE\lib\pceapi.lib:pceLCDSetBright.o  2   REL
00102ef0    --------    00000000    C:\usr\PIECE\lib\pceapi.lib:pceHeapGetMaxFreeSize.o  2   REL
00102ef0    --------    00000000    C:\usr\PIECE\lib\pceapi.lib:pceLCDPaint.o  2   REL
00102ef0    --------    00000000    C:\usr\PIECE\lib\pceapi.lib:pceAppReqExit.o  2   REL
00102ef0    --------    00000000    C:\usr\PIECE\lib\pceapi.lib:pcePadGet.o  2   REL
00102ef0    --------    00000000    C:\usr\PIECE\lib\pceapi.lib:pceAppSetProcPeriod.o  2   REL
00102ef0    --------    00000000    C:\usr\PIECE\lib\pceapi.lib:pcevsprintf.o  2   REL
00102ef0    --------    00002c00    C:\usr\PIECE\lib\pceapi.lib:def_vbuff.o  2   REL
00105af0    --------    00000000    C:\usr\PIECE\lib\pceapi.lib:pceLCDSetBuffer.o  2   REL
00105af0    --------    00000000    C:\usr\PIECE\lib\pceapi.lib:pceLCDTransDirect.o  2   REL
00105af0    --------    00000000    C:\usr\PIECE\lib\pceapi.lib:pceLCDDispStart.o  2   REL
00105af0    --------    00000000    C:\usr\PIECE\lib\pceapi.lib:pceLCDDispStop.o  2   REL
00105af0    --------    00000000    C:\usr\PIECE\lib\pceapi.lib:memset.o  2   REL
00105af0    --------    00000000    C:\usr\PIECE\lib\pceapi.lib:defnotify.o  2   REL
00105af0    --------    00000000    C:\usr\PIECE\lib\pceapi.lib:version_check.o  2   REL
00105af0    --------    00000000    C:\usr\PIECE\lib\pceapi.lib:pceLCDTrans.o  2   REL
00105af0    --------    00000000    C:\usr\PIECE\lib\pceapi.lib:pceFontPrintf.o  2   REL
00105af0    --------    00000000    C:\usr\PIECE\lib\pceapi.lib:pceFontSetPos.o  2   REL
00105af0    --------    00000000    C:\usr\PIECE\lib\pceapi.lib:pceSystemGetInfo.o  2   REL
00105af0    --------    00000000    C:\usr\PIECE\lib\string.lib:strncmp.o  2   REL
00105af0    --------    00000000    C:\usr\PIECE\lib\ctype.lib:tolower.o  2   REL
00105af0    --------    00000000    C:\usr\PIECE\lib\idiv.lib:modsi3.o  2   REL
00105af0    --------    00000000    C:\usr\PIECE\lib\idiv.lib:divsi3.o  2   REL
